// Jest Snapshot v1, https://goo.gl/fbAQLP

exports[`TodoPage should render 1`] = `
{
  "asFragment": [Function],
  "baseElement": <body>
    <div>
      <div
        class="max-w-3xl mx-auto"
      >
        <header
          class="p-6 border-b flex items-center justify-between bg-blue-500 rounded-lg"
        >
          <a
            class="text-2xl font-bold"
            href="/todos"
          >
            Todos
          </a>
          <a
            class="text-2xl font-bold bg-green-500 grid place-items-center px-4 py-2 rounded-full"
            href="/presentation/todos/new"
          >
            Create
          </a>
        </header>
        <main
          class="p-4 text-large"
        />
      </div>
    </div>
  </body>,
  "container": <div>
    <div
      class="max-w-3xl mx-auto"
    >
      <header
        class="p-6 border-b flex items-center justify-between bg-blue-500 rounded-lg"
      >
        <a
          class="text-2xl font-bold"
          href="/todos"
        >
          Todos
        </a>
        <a
          class="text-2xl font-bold bg-green-500 grid place-items-center px-4 py-2 rounded-full"
          href="/presentation/todos/new"
        >
          Create
        </a>
      </header>
      <main
        class="p-4 text-large"
      />
    </div>
  </div>,
  "debug": [Function],
  "findAllByAltText": [Function],
  "findAllByDisplayValue": [Function],
  "findAllByLabelText": [Function],
  "findAllByPlaceholderText": [Function],
  "findAllByRole": [Function],
  "findAllByTestId": [Function],
  "findAllByText": [Function],
  "findAllByTitle": [Function],
  "findByAltText": [Function],
  "findByDisplayValue": [Function],
  "findByLabelText": [Function],
  "findByPlaceholderText": [Function],
  "findByRole": [Function],
  "findByTestId": [Function],
  "findByText": [Function],
  "findByTitle": [Function],
  "getAllByAltText": [Function],
  "getAllByDisplayValue": [Function],
  "getAllByLabelText": [Function],
  "getAllByPlaceholderText": [Function],
  "getAllByRole": [Function],
  "getAllByTestId": [Function],
  "getAllByText": [Function],
  "getAllByTitle": [Function],
  "getByAltText": [Function],
  "getByDisplayValue": [Function],
  "getByLabelText": [Function],
  "getByPlaceholderText": [Function],
  "getByRole": [Function],
  "getByTestId": [Function],
  "getByText": [Function],
  "getByTitle": [Function],
  "queryAllByAltText": [Function],
  "queryAllByDisplayValue": [Function],
  "queryAllByLabelText": [Function],
  "queryAllByPlaceholderText": [Function],
  "queryAllByRole": [Function],
  "queryAllByTestId": [Function],
  "queryAllByText": [Function],
  "queryAllByTitle": [Function],
  "queryByAltText": [Function],
  "queryByDisplayValue": [Function],
  "queryByLabelText": [Function],
  "queryByPlaceholderText": [Function],
  "queryByRole": [Function],
  "queryByTestId": [Function],
  "queryByText": [Function],
  "queryByTitle": [Function],
  "rerender": [Function],
  "unmount": [Function],
}
`;
